backend/add-balance.ts(1,30): error TS2307: Cannot find module '@prisma/client' or its corresponding type declarations.
backend/prisma/seed.ts(1,30): error TS2307: Cannot find module '@prisma/client' or its corresponding type declarations.
backend/prisma/update-balance.ts(1,30): error TS2307: Cannot find module '@prisma/client' or its corresponding type declarations.
backend/scripts/add-balance.ts(1,30): error TS2307: Cannot find module '@prisma/client' or its corresponding type declarations.
backend/src/bot.ts(1,25): error TS7016: Could not find a declaration file for module 'node-telegram-bot-api'. 'C:/Users/Admin/node_modules/node-telegram-bot-api/index.js' implicitly has an 'any' type.
  Try `npm i --save-dev @types/node-telegram-bot-api` if it exists or add a new declaration (.d.ts) file containing `declare module 'node-telegram-bot-api';`
backend/src/bot.ts(25,28): error TS7006: Parameter 'msg' implicitly has an 'any' type.
backend/src/bot.ts(84,27): error TS7006: Parameter 'msg' implicitly has an 'any' type.
backend/src/bot.ts(120,24): error TS7006: Parameter 'msg' implicitly has an 'any' type.
backend/src/bot.ts(130,30): error TS7006: Parameter 'error' implicitly has an 'any' type.
backend/src/controllers/admin.controller.ts(1,26): error TS7016: Could not find a declaration file for module 'express'. 'C:/Users/Admin/node_modules/express/index.js' implicitly has an 'any' type.
  Try `npm i --save-dev @types/express` if it exists or add a new declaration (.d.ts) file containing `declare module 'express';`
backend/src/controllers/admin.controller.ts(47,73): error TS2339: Property 'query' does not exist on type 'AuthRequest'.
backend/src/controllers/admin.controller.ts(107,24): error TS2339: Property 'params' does not exist on type 'AuthRequest'.
backend/src/controllers/admin.controller.ts(130,24): error TS2339: Property 'params' does not exist on type 'AuthRequest'.
backend/src/controllers/admin.controller.ts(176,24): error TS2339: Property 'params' does not exist on type 'AuthRequest'.
backend/src/controllers/admin.controller.ts(199,24): error TS2339: Property 'params' does not exist on type 'AuthRequest'.
backend/src/controllers/admin.controller.ts(246,24): error TS2339: Property 'params' does not exist on type 'AuthRequest'.
backend/src/controllers/admin.controller.ts(269,24): error TS2339: Property 'params' does not exist on type 'AuthRequest'.
backend/src/controllers/admin.controller.ts(289,24): error TS2339: Property 'params' does not exist on type 'AuthRequest'.
backend/src/controllers/admin.controller.ts(305,52): error TS2339: Property 'query' does not exist on type 'AuthRequest'.
backend/src/controllers/admin.controller.ts(343,28): error TS2339: Property 'params' does not exist on type 'AuthRequest'.
backend/src/controllers/admin.controller.ts(360,28): error TS2339: Property 'params' does not exist on type 'AuthRequest'.
backend/src/controllers/admin.controller.ts(377,28): error TS2339: Property 'params' does not exist on type 'AuthRequest'.
backend/src/controllers/admin.controller.ts(378,36): error TS2339: Property 'body' does not exist on type 'AuthRequest'.
backend/src/controllers/admin.controller.ts(400,53): error TS7006: Parameter 'tx' implicitly has an 'any' type.
backend/src/controllers/admin.controller.ts(433,30): error TS2339: Property 'params' does not exist on type 'AuthRequest'.
backend/src/controllers/ai.controller.ts(1,26): error TS7016: Could not find a declaration file for module 'express'. 'C:/Users/Admin/node_modules/express/index.js' implicitly has an 'any' type.
  Try `npm i --save-dev @types/express` if it exists or add a new declaration (.d.ts) file containing `declare module 'express';`
backend/src/controllers/ai.controller.ts(179,33): error TS2339: Property 'body' does not exist on type 'AuthRequest'.
backend/src/controllers/analytics.controller.ts(1,26): error TS7016: Could not find a declaration file for module 'express'. 'C:/Users/Admin/node_modules/express/index.js' implicitly has an 'any' type.
  Try `npm i --save-dev @types/express` if it exists or add a new declaration (.d.ts) file containing `declare module 'express';`
backend/src/controllers/analytics.controller.ts(11,38): error TS2339: Property 'query' does not exist on type 'AuthRequest'.
backend/src/controllers/analytics.controller.ts(55,50): error TS7006: Parameter 'sum' implicitly has an 'any' type.
backend/src/controllers/analytics.controller.ts(55,55): error TS7006: Parameter 'order' implicitly has an 'any' type.
backend/src/controllers/analytics.controller.ts(61,60): error TS7006: Parameter 'order' implicitly has an 'any' type.
backend/src/controllers/analytics.controller.ts(71,59): error TS7006: Parameter 'order' implicitly has an 'any' type.
backend/src/controllers/analytics.controller.ts(93,25): error TS7006: Parameter 'sum' implicitly has an 'any' type.
backend/src/controllers/analytics.controller.ts(93,30): error TS7006: Parameter 'r' implicitly has an 'any' type.
backend/src/controllers/analytics.controller.ts(131,38): error TS2339: Property 'query' does not exist on type 'AuthRequest'.
backend/src/controllers/analytics.controller.ts(170,39): error TS7006: Parameter 'shop' implicitly has an 'any' type.
backend/src/controllers/analytics.controller.ts(170,67): error TS7006: Parameter 'p' implicitly has an 'any' type.
backend/src/controllers/analytics.controller.ts(189,49): error TS7006: Parameter 'item' implicitly has an 'any' type.
backend/src/controllers/analytics.controller.ts(190,45): error TS7006: Parameter 'sum' implicitly has an 'any' type.
backend/src/controllers/analytics.controller.ts(190,50): error TS7006: Parameter 'item' implicitly has an 'any' type.
backend/src/controllers/analytics.controller.ts(191,47): error TS7006: Parameter 'sum' implicitly has an 'any' type.
backend/src/controllers/analytics.controller.ts(191,52): error TS7006: Parameter 'item' implicitly has an 'any' type.
backend/src/controllers/analytics.controller.ts(194,55): error TS7006: Parameter 'item' implicitly has an 'any' type.
backend/src/controllers/analytics.controller.ts(212,54): error TS7006: Parameter 'item' implicitly has an 'any' type.
backend/src/controllers/analytics.controller.ts(230,40): error TS7006: Parameter 's' implicitly has an 'any' type.
backend/src/controllers/analytics.controller.ts(252,34): error TS2339: Property 'query' does not exist on type 'AuthRequest'.
backend/src/controllers/bonuses.controller.ts(1,26): error TS7016: Could not find a declaration file for module 'express'. 'C:/Users/Admin/node_modules/express/index.js' implicitly has an 'any' type.
  Try `npm i --save-dev @types/express` if it exists or add a new declaration (.d.ts) file containing `declare module 'express';`
backend/src/controllers/bonuses.controller.ts(12,39): error TS2339: Property 'body' does not exist on type 'AuthRequest'.
backend/src/controllers/bonuses.controller.ts(109,51): error TS2339: Property 'body' does not exist on type 'AuthRequest'.
backend/src/controllers/bonuses.controller.ts(171,48): error TS7006: Parameter 'sum' implicitly has an 'any' type.
backend/src/controllers/bonuses.controller.ts(171,53): error TS7006: Parameter 'ref' implicitly has an 'any' type.
backend/src/controllers/bonuses.controller.ts(176,33): error TS7006: Parameter 'r' implicitly has an 'any' type.
backend/src/controllers/bonuses.controller.ts(186,80): error TS7006: Parameter 'u' implicitly has an 'any' type.
backend/src/controllers/bonuses.controller.ts(194,33): error TS7006: Parameter 'ref' implicitly has an 'any' type.
backend/src/controllers/bonuses.controller.ts(215,32): error TS2339: Property 'body' does not exist on type 'AuthRequest'.
backend/src/controllers/bonuses.controller.ts(320,59): error TS2339: Property 'body' does not exist on type 'AuthRequest'.
backend/src/controllers/chat.controller.ts(1,26): error TS7016: Could not find a declaration file for module 'express'. 'C:/Users/Admin/node_modules/express/index.js' implicitly has an 'any' type.
  Try `npm i --save-dev @types/express` if it exists or add a new declaration (.d.ts) file containing `declare module 'express';`
backend/src/controllers/chat.controller.ts(11,29): error TS2339: Property 'params' does not exist on type 'AuthRequest'.
backend/src/controllers/chat.controller.ts(12,48): error TS2339: Property 'query' does not exist on type 'AuthRequest'.
backend/src/controllers/chat.controller.ts(59,29): error TS2339: Property 'params' does not exist on type 'AuthRequest'.
backend/src/controllers/chat.controller.ts(60,29): error TS2339: Property 'body' does not exist on type 'AuthRequest'.
backend/src/controllers/chat.controller.ts(170,25): error TS7006: Parameter 'order' implicitly has an 'any' type.
backend/src/controllers/chat.controller.ts(199,53): error TS7006: Parameter 'c' implicitly has an 'any' type.
backend/src/controllers/marketplace.controller.ts(1,26): error TS7016: Could not find a declaration file for module 'express'. 'C:/Users/Admin/node_modules/express/index.js' implicitly has an 'any' type.
  Try `npm i --save-dev @types/express` if it exists or add a new declaration (.d.ts) file containing `declare module 'express';`
backend/src/controllers/marketplace.controller.ts(31,24): error TS2339: Property 'params' does not exist on type 'AuthRequest'.
backend/src/controllers/marketplace.controller.ts(76,24): error TS2339: Property 'params' does not exist on type 'AuthRequest'.
backend/src/controllers/marketplace.controller.ts(99,100): error TS2339: Property 'body' does not exist on type 'AuthRequest'.
backend/src/controllers/marketplace.controller.ts(147,24): error TS2339: Property 'params' does not exist on type 'AuthRequest'.
backend/src/controllers/marketplace.controller.ts(148,100): error TS2339: Property 'body' does not exist on type 'AuthRequest'.
backend/src/controllers/marketplace.controller.ts(188,24): error TS2339: Property 'params' does not exist on type 'AuthRequest'.
backend/src/controllers/marketplace.controller.ts(239,41): error TS2339: Property 'body' does not exist on type 'AuthRequest'.
backend/src/controllers/marketplace.controller.ts(292,31): error TS2339: Property 'params' does not exist on type 'AuthRequest'.
backend/src/controllers/marketplace.controller.ts(293,30): error TS2339: Property 'body' does not exist on type 'AuthRequest'.
backend/src/controllers/marketplace.controller.ts(333,31): error TS2339: Property 'params' does not exist on type 'AuthRequest'.
backend/src/controllers/marketplace.controller.ts(354,73): error TS2339: Property 'body' does not exist on type 'AuthRequest'.
backend/src/controllers/marketplace.controller.ts(368,73): error TS7006: Parameter 'p' implicitly has an 'any' type.
backend/src/controllers/marketplace.controller.ts(381,52): error TS7006: Parameter 'tx' implicitly has an 'any' type.
backend/src/controllers/marketplace.controller.ts(436,50): error TS7006: Parameter 'item' implicitly has an 'any' type.
backend/src/controllers/orders.controller.ts(1,26): error TS7016: Could not find a declaration file for module 'express'. 'C:/Users/Admin/node_modules/express/index.js' implicitly has an 'any' type.
  Try `npm i --save-dev @types/express` if it exists or add a new declaration (.d.ts) file containing `declare module 'express';`
backend/src/controllers/orders.controller.ts(14,87): error TS2339: Property 'body' does not exist on type 'AuthRequest'.
backend/src/controllers/orders.controller.ts(49,14): error TS7006: Parameter 'driver' implicitly has an 'any' type.
backend/src/controllers/orders.controller.ts(51,14): error TS7006: Parameter 'telegramId' implicitly has an 'any' type.
backend/src/controllers/orders.controller.ts(152,24): error TS2339: Property 'params' does not exist on type 'AuthRequest'.
backend/src/controllers/orders.controller.ts(211,24): error TS2339: Property 'params' does not exist on type 'AuthRequest'.
backend/src/controllers/orders.controller.ts(235,53): error TS7006: Parameter 'tx' implicitly has an 'any' type.
backend/src/controllers/orders.controller.ts(293,24): error TS2339: Property 'params' does not exist on type 'AuthRequest'.
backend/src/controllers/payments.controller.ts(1,35): error TS7016: Could not find a declaration file for module 'express'. 'C:/Users/Admin/node_modules/express/index.js' implicitly has an 'any' type.
  Try `npm i --save-dev @types/express` if it exists or add a new declaration (.d.ts) file containing `declare module 'express';`
backend/src/controllers/payments.controller.ts(12,28): error TS2339: Property 'body' does not exist on type 'AuthRequest'.
backend/src/controllers/payments.controller.ts(140,31): error TS2339: Property 'params' does not exist on type 'AuthRequest'.
backend/src/controllers/payments.controller.ts(184,47): error TS2339: Property 'body' does not exist on type 'AuthRequest'.
backend/src/controllers/reviews.controller.ts(1,26): error TS7016: Could not find a declaration file for module 'express'. 'C:/Users/Admin/node_modules/express/index.js' implicitly has an 'any' type.
  Try `npm i --save-dev @types/express` if it exists or add a new declaration (.d.ts) file containing `declare module 'express';`
backend/src/controllers/reviews.controller.ts(11,46): error TS2339: Property 'body' does not exist on type 'AuthRequest'.
backend/src/controllers/reviews.controller.ts(92,48): error TS7006: Parameter 'sum' implicitly has an 'any' type.
backend/src/controllers/reviews.controller.ts(92,53): error TS7006: Parameter 'r' implicitly has an 'any' type.
backend/src/controllers/reviews.controller.ts(118,28): error TS2339: Property 'params' does not exist on type 'AuthRequest'.
backend/src/controllers/reviews.controller.ts(119,54): error TS2339: Property 'query' does not exist on type 'AuthRequest'.
backend/src/controllers/reviews.controller.ts(145,25): error TS7006: Parameter 'sum' implicitly has an 'any' type.
backend/src/controllers/reviews.controller.ts(145,30): error TS7006: Parameter 'r' implicitly has an 'any' type.
backend/src/controllers/reviews.controller.ts(154,29): error TS7006: Parameter 'r' implicitly has an 'any' type.
backend/src/controllers/reviews.controller.ts(155,29): error TS7006: Parameter 'r' implicitly has an 'any' type.
backend/src/controllers/reviews.controller.ts(156,29): error TS7006: Parameter 'r' implicitly has an 'any' type.
backend/src/controllers/reviews.controller.ts(157,29): error TS7006: Parameter 'r' implicitly has an 'any' type.
backend/src/controllers/reviews.controller.ts(158,29): error TS7006: Parameter 'r' implicitly has an 'any' type.
backend/src/controllers/reviews.controller.ts(201,29): error TS2339: Property 'params' does not exist on type 'AuthRequest'.
backend/src/controllers/users.controller.ts(1,26): error TS7016: Could not find a declaration file for module 'express'. 'C:/Users/Admin/node_modules/express/index.js' implicitly has an 'any' type.
  Try `npm i --save-dev @types/express` if it exists or add a new declaration (.d.ts) file containing `declare module 'express';`
backend/src/controllers/users.controller.ts(41,39): error TS2339: Property 'body' does not exist on type 'AuthRequest'.
backend/src/controllers/users.controller.ts(65,58): error TS2339: Property 'body' does not exist on type 'AuthRequest'.
backend/src/controllers/users.controller.ts(104,78): error TS2339: Property 'body' does not exist on type 'AuthRequest'.
backend/src/index.ts(1,21): error TS7016: Could not find a declaration file for module 'express'. 'C:/Users/Admin/node_modules/express/index.js' implicitly has an 'any' type.
  Try `npm i --save-dev @types/express` if it exists or add a new declaration (.d.ts) file containing `declare module 'express';`
backend/src/index.ts(3,24): error TS2307: Cannot find module 'socket.io' or its corresponding type declarations.
backend/src/index.ts(4,18): error TS7016: Could not find a declaration file for module 'cors'. 'C:/Users/Admin/node_modules/cors/lib/index.js' implicitly has an 'any' type.
  Try `npm i --save-dev @types/cors` if it exists or add a new declaration (.d.ts) file containing `declare module 'cors';`
backend/src/index.ts(57,10): error TS7006: Parameter 'req' implicitly has an 'any' type.
backend/src/index.ts(57,15): error TS7006: Parameter 'res' implicitly has an 'any' type.
backend/src/index.ts(57,20): error TS7006: Parameter 'next' implicitly has an 'any' type.
backend/src/index.ts(79,22): error TS7006: Parameter 'socket' implicitly has an 'any' type.
backend/src/middleware/admin.ts(1,40): error TS7016: Could not find a declaration file for module 'express'. 'C:/Users/Admin/node_modules/express/index.js' implicitly has an 'any' type.
  Try `npm i --save-dev @types/express` if it exists or add a new declaration (.d.ts) file containing `declare module 'express';`
backend/src/middleware/auth.ts(1,49): error TS7016: Could not find a declaration file for module 'express'. 'C:/Users/Admin/node_modules/express/index.js' implicitly has an 'any' type.
  Try `npm i --save-dev @types/express` if it exists or add a new declaration (.d.ts) file containing `declare module 'express';`
backend/src/middleware/auth.ts(21,17): error TS2339: Property 'path' does not exist on type 'AuthRequest'.
backend/src/middleware/auth.ts(22,19): error TS2339: Property 'method' does not exist on type 'AuthRequest'.
backend/src/middleware/auth.ts(23,26): error TS2339: Property 'headers' does not exist on type 'AuthRequest'.
backend/src/middleware/auth.ts(26,26): error TS2339: Property 'headers' does not exist on type 'AuthRequest'.
backend/src/routes/admin.routes.ts(1,24): error TS7016: Could not find a declaration file for module 'express'. 'C:/Users/Admin/node_modules/express/index.js' implicitly has an 'any' type.
  Try `npm i --save-dev @types/express` if it exists or add a new declaration (.d.ts) file containing `declare module 'express';`
backend/src/routes/ai.routes.ts(1,21): error TS7016: Could not find a declaration file for module 'express'. 'C:/Users/Admin/node_modules/express/index.js' implicitly has an 'any' type.
  Try `npm i --save-dev @types/express` if it exists or add a new declaration (.d.ts) file containing `declare module 'express';`
backend/src/routes/analytics.routes.ts(1,21): error TS7016: Could not find a declaration file for module 'express'. 'C:/Users/Admin/node_modules/express/index.js' implicitly has an 'any' type.
  Try `npm i --save-dev @types/express` if it exists or add a new declaration (.d.ts) file containing `declare module 'express';`
backend/src/routes/bonuses.routes.ts(1,21): error TS7016: Could not find a declaration file for module 'express'. 'C:/Users/Admin/node_modules/express/index.js' implicitly has an 'any' type.
  Try `npm i --save-dev @types/express` if it exists or add a new declaration (.d.ts) file containing `declare module 'express';`
backend/src/routes/chat.routes.ts(1,21): error TS7016: Could not find a declaration file for module 'express'. 'C:/Users/Admin/node_modules/express/index.js' implicitly has an 'any' type.
  Try `npm i --save-dev @types/express` if it exists or add a new declaration (.d.ts) file containing `declare module 'express';`
backend/src/routes/health.routes.ts(1,43): error TS7016: Could not find a declaration file for module 'express'. 'C:/Users/Admin/node_modules/express/index.js' implicitly has an 'any' type.
  Try `npm i --save-dev @types/express` if it exists or add a new declaration (.d.ts) file containing `declare module 'express';`
backend/src/routes/marketplace.routes.ts(1,24): error TS7016: Could not find a declaration file for module 'express'. 'C:/Users/Admin/node_modules/express/index.js' implicitly has an 'any' type.
  Try `npm i --save-dev @types/express` if it exists or add a new declaration (.d.ts) file containing `declare module 'express';`
backend/src/routes/orders.routes.ts(1,24): error TS7016: Could not find a declaration file for module 'express'. 'C:/Users/Admin/node_modules/express/index.js' implicitly has an 'any' type.
  Try `npm i --save-dev @types/express` if it exists or add a new declaration (.d.ts) file containing `declare module 'express';`
backend/src/routes/payments.routes.ts(1,21): error TS7016: Could not find a declaration file for module 'express'. 'C:/Users/Admin/node_modules/express/index.js' implicitly has an 'any' type.
  Try `npm i --save-dev @types/express` if it exists or add a new declaration (.d.ts) file containing `declare module 'express';`
backend/src/routes/reviews.routes.ts(1,21): error TS7016: Could not find a declaration file for module 'express'. 'C:/Users/Admin/node_modules/express/index.js' implicitly has an 'any' type.
  Try `npm i --save-dev @types/express` if it exists or add a new declaration (.d.ts) file containing `declare module 'express';`
backend/src/routes/users.routes.ts(1,24): error TS7016: Could not find a declaration file for module 'express'. 'C:/Users/Admin/node_modules/express/index.js' implicitly has an 'any' type.
  Try `npm i --save-dev @types/express` if it exists or add a new declaration (.d.ts) file containing `declare module 'express';`
backend/src/utils/prisma.ts(1,30): error TS2307: Cannot find module '@prisma/client' or its corresponding type declarations.
backend/src/utils/telegram-notifications.ts(1,19): error TS2307: Cannot find module 'axios' or its corresponding type declarations.
backend/src/utils/yookassa.ts(1,19): error TS2307: Cannot find module 'axios' or its corresponding type declarations.
src/app/(app)/bonuses/page.tsx(45,23): error TS2345: Argument of type 'unknown' is not assignable to parameter of type 'SetStateAction<ReferralData | null>'.
src/app/(app)/bonuses/page.tsx(65,25): error TS18046: 'result' is of type 'unknown'.
src/app/(app)/bonuses/page.tsx(66,14): error TS18046: 'result' is of type 'unknown'.
src/app/(app)/bonuses/page.tsx(67,11): error TS18046: 'result' is of type 'unknown'.
src/app/(app)/bonuses/page.tsx(68,21): error TS18046: 'result' is of type 'unknown'.
src/app/(app)/driver/profile/page.tsx(89,37): error TS2339: Property 'userId' does not exist on type 'DriverProfile'.
src/app/(app)/driver/profile/page.tsx(93,18): error TS18046: 'data' is of type 'unknown'.
src/app/(app)/driver/profile/page.tsx(94,22): error TS18046: 'data' is of type 'unknown'.
src/app/(app)/driver/profile/page.tsx(104,24): error TS2339: Property 'summary' does not exist on type '{}'.
src/app/(app)/driver/profile/page.tsx(106,29): error TS2339: Property 'summary' does not exist on type '{}'.
src/app/(app)/driver/profile/page.tsx(107,33): error TS2339: Property 'summary' does not exist on type '{}'.
src/app/(app)/driver/profile/page.tsx(108,31): error TS2339: Property 'summary' does not exist on type '{}'.
src/app/(app)/driver/profile/page.tsx(109,31): error TS2339: Property 'summary' does not exist on type '{}'.
src/app/(app)/driver/profile/page.tsx(110,33): error TS2339: Property 'summary' does not exist on type '{}'.
src/app/(app)/driver/profile/page.tsx(111,35): error TS2339: Property 'summary' does not exist on type '{}'.
src/app/(app)/driver/profile/page.tsx(178,32): error TS2339: Property 'rating' does not exist on type 'DriverProfile'.
src/app/(app)/driver/profile/page.tsx(203,45): error TS2339: Property 'verified' does not exist on type 'DriverProfile'.
src/app/(app)/driver/profile/page.tsx(204,32): error TS2339: Property 'verified' does not exist on type 'DriverProfile'.
src/app/admin/page.tsx(58,47): error TS2769: No overload matches this call.
  Overload 1 of 2, '(input: string | URL | Request, init?: RequestInit | undefined): Promise<Response>', gave the following error.
    Type '{ 'X-Telegram-Init-Data': any; } | { 'X-Telegram-Init-Data'?: undefined; }' is not assignable to type 'HeadersInit | undefined'.
      Type '{ 'X-Telegram-Init-Data'?: undefined; }' is not assignable to type 'HeadersInit | undefined'.
        Type '{ 'X-Telegram-Init-Data'?: undefined; }' is not assignable to type 'Record<string, string>'.
          Property ''X-Telegram-Init-Data'' is incompatible with index signature.
            Type 'undefined' is not assignable to type 'string'.
  Overload 2 of 2, '(input: URL | RequestInfo, init?: RequestInit | undefined): Promise<Response>', gave the following error.
    Type '{ 'X-Telegram-Init-Data': any; } | { 'X-Telegram-Init-Data'?: undefined; }' is not assignable to type 'HeadersInit | undefined'.
      Type '{ 'X-Telegram-Init-Data'?: undefined; }' is not assignable to type 'HeadersInit | undefined'.
        Type '{ 'X-Telegram-Init-Data'?: undefined; }' is not assignable to type 'Record<string, string>'.
          Property ''X-Telegram-Init-Data'' is incompatible with index signature.
            Type 'undefined' is not assignable to type 'string'.
src/app/admin/page.tsx(59,47): error TS2769: No overload matches this call.
  Overload 1 of 2, '(input: string | URL | Request, init?: RequestInit | undefined): Promise<Response>', gave the following error.
    Type '{ 'X-Telegram-Init-Data': any; } | { 'X-Telegram-Init-Data'?: undefined; }' is not assignable to type 'HeadersInit | undefined'.
      Type '{ 'X-Telegram-Init-Data'?: undefined; }' is not assignable to type 'HeadersInit | undefined'.
        Type '{ 'X-Telegram-Init-Data'?: undefined; }' is not assignable to type 'Record<string, string>'.
          Property ''X-Telegram-Init-Data'' is incompatible with index signature.
            Type 'undefined' is not assignable to type 'string'.
  Overload 2 of 2, '(input: URL | RequestInfo, init?: RequestInit | undefined): Promise<Response>', gave the following error.
    Type '{ 'X-Telegram-Init-Data': any; } | { 'X-Telegram-Init-Data'?: undefined; }' is not assignable to type 'HeadersInit | undefined'.
      Type '{ 'X-Telegram-Init-Data'?: undefined; }' is not assignable to type 'HeadersInit | undefined'.
        Type '{ 'X-Telegram-Init-Data'?: undefined; }' is not assignable to type 'Record<string, string>'.
          Property ''X-Telegram-Init-Data'' is incompatible with index signature.
            Type 'undefined' is not assignable to type 'string'.
src/app/admin/page.tsx(60,47): error TS2769: No overload matches this call.
  Overload 1 of 2, '(input: string | URL | Request, init?: RequestInit | undefined): Promise<Response>', gave the following error.
    Type '{ 'X-Telegram-Init-Data': any; } | { 'X-Telegram-Init-Data'?: undefined; }' is not assignable to type 'HeadersInit | undefined'.
      Type '{ 'X-Telegram-Init-Data'?: undefined; }' is not assignable to type 'HeadersInit | undefined'.
        Type '{ 'X-Telegram-Init-Data'?: undefined; }' is not assignable to type 'Record<string, string>'.
          Property ''X-Telegram-Init-Data'' is incompatible with index signature.
            Type 'undefined' is not assignable to type 'string'.
  Overload 2 of 2, '(input: URL | RequestInfo, init?: RequestInit | undefined): Promise<Response>', gave the following error.
    Type '{ 'X-Telegram-Init-Data': any; } | { 'X-Telegram-Init-Data'?: undefined; }' is not assignable to type 'HeadersInit | undefined'.
      Type '{ 'X-Telegram-Init-Data'?: undefined; }' is not assignable to type 'HeadersInit | undefined'.
        Type '{ 'X-Telegram-Init-Data'?: undefined; }' is not assignable to type 'Record<string, string>'.
          Property ''X-Telegram-Init-Data'' is incompatible with index signature.
            Type 'undefined' is not assignable to type 'string'.
src/app/admin/page.tsx(61,48): error TS2769: No overload matches this call.
  Overload 1 of 2, '(input: string | URL | Request, init?: RequestInit | undefined): Promise<Response>', gave the following error.
    Type '{ 'X-Telegram-Init-Data': any; } | { 'X-Telegram-Init-Data'?: undefined; }' is not assignable to type 'HeadersInit | undefined'.
      Type '{ 'X-Telegram-Init-Data'?: undefined; }' is not assignable to type 'HeadersInit | undefined'.
        Type '{ 'X-Telegram-Init-Data'?: undefined; }' is not assignable to type 'Record<string, string>'.
          Property ''X-Telegram-Init-Data'' is incompatible with index signature.
            Type 'undefined' is not assignable to type 'string'.
  Overload 2 of 2, '(input: URL | RequestInfo, init?: RequestInit | undefined): Promise<Response>', gave the following error.
    Type '{ 'X-Telegram-Init-Data': any; } | { 'X-Telegram-Init-Data'?: undefined; }' is not assignable to type 'HeadersInit | undefined'.
      Type '{ 'X-Telegram-Init-Data'?: undefined; }' is not assignable to type 'HeadersInit | undefined'.
        Type '{ 'X-Telegram-Init-Data'?: undefined; }' is not assignable to type 'Record<string, string>'.
          Property ''X-Telegram-Init-Data'' is incompatible with index signature.
            Type 'undefined' is not assignable to type 'string'.
src/app/admin/page.tsx(62,47): error TS2769: No overload matches this call.
  Overload 1 of 2, '(input: string | URL | Request, init?: RequestInit | undefined): Promise<Response>', gave the following error.
    Type '{ 'X-Telegram-Init-Data': any; } | { 'X-Telegram-Init-Data'?: undefined; }' is not assignable to type 'HeadersInit | undefined'.
      Type '{ 'X-Telegram-Init-Data'?: undefined; }' is not assignable to type 'HeadersInit | undefined'.
        Type '{ 'X-Telegram-Init-Data'?: undefined; }' is not assignable to type 'Record<string, string>'.
          Property ''X-Telegram-Init-Data'' is incompatible with index signature.
            Type 'undefined' is not assignable to type 'string'.
  Overload 2 of 2, '(input: URL | RequestInfo, init?: RequestInit | undefined): Promise<Response>', gave the following error.
    Type '{ 'X-Telegram-Init-Data': any; } | { 'X-Telegram-Init-Data'?: undefined; }' is not assignable to type 'HeadersInit | undefined'.
      Type '{ 'X-Telegram-Init-Data'?: undefined; }' is not assignable to type 'HeadersInit | undefined'.
        Type '{ 'X-Telegram-Init-Data'?: undefined; }' is not assignable to type 'Record<string, string>'.
          Property ''X-Telegram-Init-Data'' is incompatible with index signature.
            Type 'undefined' is not assignable to type 'string'.
src/app/admin/page.tsx(63,44): error TS2769: No overload matches this call.
  Overload 1 of 2, '(input: string | URL | Request, init?: RequestInit | undefined): Promise<Response>', gave the following error.
    Type '{ 'X-Telegram-Init-Data': any; } | { 'X-Telegram-Init-Data'?: undefined; }' is not assignable to type 'HeadersInit | undefined'.
      Type '{ 'X-Telegram-Init-Data'?: undefined; }' is not assignable to type 'HeadersInit | undefined'.
        Type '{ 'X-Telegram-Init-Data'?: undefined; }' is not assignable to type 'Record<string, string>'.
          Property ''X-Telegram-Init-Data'' is incompatible with index signature.
            Type 'undefined' is not assignable to type 'string'.
  Overload 2 of 2, '(input: URL | RequestInfo, init?: RequestInit | undefined): Promise<Response>', gave the following error.
    Type '{ 'X-Telegram-Init-Data': any; } | { 'X-Telegram-Init-Data'?: undefined; }' is not assignable to type 'HeadersInit | undefined'.
      Type '{ 'X-Telegram-Init-Data'?: undefined; }' is not assignable to type 'HeadersInit | undefined'.
        Type '{ 'X-Telegram-Init-Data'?: undefined; }' is not assignable to type 'Record<string, string>'.
          Property ''X-Telegram-Init-Data'' is incompatible with index signature.
            Type 'undefined' is not assignable to type 'string'.
src/app/admin/page.tsx(82,9): error TS2769: No overload matches this call.
  Overload 1 of 2, '(input: string | URL | Request, init?: RequestInit | undefined): Promise<Response>', gave the following error.
    Type '{ 'Content-Type': string; 'X-Telegram-Init-Data': any; } | { 'Content-Type': string; 'X-Telegram-Init-Data'?: undefined; }' is not assignable to type 'HeadersInit | undefined'.
      Type '{ 'Content-Type': string; 'X-Telegram-Init-Data'?: undefined; }' is not assignable to type 'HeadersInit | undefined'.
        Type '{ 'Content-Type': string; 'X-Telegram-Init-Data'?: undefined; }' is not assignable to type 'undefined'.
  Overload 2 of 2, '(input: URL | RequestInfo, init?: RequestInit | undefined): Promise<Response>', gave the following error.
    Type '{ 'Content-Type': string; 'X-Telegram-Init-Data': any; } | { 'Content-Type': string; 'X-Telegram-Init-Data'?: undefined; }' is not assignable to type 'HeadersInit | undefined'.
      Type '{ 'Content-Type': string; 'X-Telegram-Init-Data'?: undefined; }' is not assignable to type 'HeadersInit | undefined'.
        Type '{ 'Content-Type': string; 'X-Telegram-Init-Data'?: undefined; }' is not assignable to type 'undefined'.
src/app/admin/page.tsx(117,9): error TS2769: No overload matches this call.
  Overload 1 of 2, '(input: string | URL | Request, init?: RequestInit | undefined): Promise<Response>', gave the following error.
    Type '{ 'X-Telegram-Init-Data': any; } | { 'X-Telegram-Init-Data'?: undefined; }' is not assignable to type 'HeadersInit | undefined'.
      Type '{ 'X-Telegram-Init-Data'?: undefined; }' is not assignable to type 'HeadersInit | undefined'.
        Type '{ 'X-Telegram-Init-Data'?: undefined; }' is not assignable to type 'Record<string, string>'.
          Property ''X-Telegram-Init-Data'' is incompatible with index signature.
            Type 'undefined' is not assignable to type 'string'.
  Overload 2 of 2, '(input: URL | RequestInfo, init?: RequestInit | undefined): Promise<Response>', gave the following error.
    Type '{ 'X-Telegram-Init-Data': any; } | { 'X-Telegram-Init-Data'?: undefined; }' is not assignable to type 'HeadersInit | undefined'.
      Type '{ 'X-Telegram-Init-Data'?: undefined; }' is not assignable to type 'HeadersInit | undefined'.
        Type '{ 'X-Telegram-Init-Data'?: undefined; }' is not assignable to type 'Record<string, string>'.
          Property ''X-Telegram-Init-Data'' is incompatible with index signature.
            Type 'undefined' is not assignable to type 'string'.
src/app/admin/page.tsx(129,9): error TS2769: No overload matches this call.
  Overload 1 of 2, '(input: string | URL | Request, init?: RequestInit | undefined): Promise<Response>', gave the following error.
    Type '{ 'X-Telegram-Init-Data': any; } | { 'X-Telegram-Init-Data'?: undefined; }' is not assignable to type 'HeadersInit | undefined'.
      Type '{ 'X-Telegram-Init-Data'?: undefined; }' is not assignable to type 'HeadersInit | undefined'.
        Type '{ 'X-Telegram-Init-Data'?: undefined; }' is not assignable to type 'Record<string, string>'.
          Property ''X-Telegram-Init-Data'' is incompatible with index signature.
            Type 'undefined' is not assignable to type 'string'.
  Overload 2 of 2, '(input: URL | RequestInfo, init?: RequestInit | undefined): Promise<Response>', gave the following error.
    Type '{ 'X-Telegram-Init-Data': any; } | { 'X-Telegram-Init-Data'?: undefined; }' is not assignable to type 'HeadersInit | undefined'.
      Type '{ 'X-Telegram-Init-Data'?: undefined; }' is not assignable to type 'HeadersInit | undefined'.
        Type '{ 'X-Telegram-Init-Data'?: undefined; }' is not assignable to type 'Record<string, string>'.
          Property ''X-Telegram-Init-Data'' is incompatible with index signature.
            Type 'undefined' is not assignable to type 'string'.
src/app/admin/page.tsx(141,9): error TS2769: No overload matches this call.
  Overload 1 of 2, '(input: string | URL | Request, init?: RequestInit | undefined): Promise<Response>', gave the following error.
    Type '{ 'X-Telegram-Init-Data': any; } | { 'X-Telegram-Init-Data'?: undefined; }' is not assignable to type 'HeadersInit | undefined'.
      Type '{ 'X-Telegram-Init-Data'?: undefined; }' is not assignable to type 'HeadersInit | undefined'.
        Type '{ 'X-Telegram-Init-Data'?: undefined; }' is not assignable to type 'Record<string, string>'.
          Property ''X-Telegram-Init-Data'' is incompatible with index signature.
            Type 'undefined' is not assignable to type 'string'.
  Overload 2 of 2, '(input: URL | RequestInfo, init?: RequestInit | undefined): Promise<Response>', gave the following error.
    Type '{ 'X-Telegram-Init-Data': any; } | { 'X-Telegram-Init-Data'?: undefined; }' is not assignable to type 'HeadersInit | undefined'.
      Type '{ 'X-Telegram-Init-Data'?: undefined; }' is not assignable to type 'HeadersInit | undefined'.
        Type '{ 'X-Telegram-Init-Data'?: undefined; }' is not assignable to type 'Record<string, string>'.
          Property ''X-Telegram-Init-Data'' is incompatible with index signature.
            Type 'undefined' is not assignable to type 'string'.
src/app/layout.tsx(10,22): error TS2322: Type '"cyrillic"' is not assignable to type '"cyrillic-ext" | "latin" | "latin-ext" | "vietnamese"'.
src/components/chat.tsx(43,21): error TS2345: Argument of type 'unknown' is not assignable to parameter of type 'SetStateAction<Message[]>'.
src/components/global-error-handler.tsx(43,11): error TS18048: 'window.Telegram' is possibly 'undefined'.
src/components/global-error-handler.tsx(81,11): error TS18048: 'window.Telegram' is possibly 'undefined'.
src/components/ui/calendar.tsx(57,9): error TS2353: Object literal may only specify known properties, and 'IconLeft' does not exist in type 'Partial<CustomComponents>'.
src/components/ui/calendar.tsx(57,22): error TS7031: Binding element 'className' implicitly has an 'any' type.
src/components/ui/calendar.tsx(60,23): error TS7031: Binding element 'className' implicitly has an 'any' type.
src/context/AppContext.tsx(217,18): error TS2345: Argument of type '{}' is not assignable to parameter of type 'SetStateAction<Shop[]>'.
src/context/AppContext.tsx(218,21): error TS2345: Argument of type '{}' is not assignable to parameter of type 'SetStateAction<Product[]>'.
src/context/AppContext.tsx(230,19): error TS2345: Argument of type '{}' is not assignable to parameter of type 'SetStateAction<Order[]>'.
src/context/AppContext.tsx(253,30): error TS2345: Argument of type '{}' is not assignable to parameter of type 'SetStateAction<MarketplaceOrder[]>'.
src/context/AppContext.tsx(285,17): error TS2345: Argument of type '(prev: Order[]) => unknown[]' is not assignable to parameter of type 'SetStateAction<Order[]>'.
  Type '(prev: Order[]) => unknown[]' is not assignable to type '(prevState: Order[]) => Order[]'.
    Type 'unknown[]' is not assignable to type 'Order[]'.
      Type 'unknown' is not assignable to type 'Order'.
src/context/AppContext.tsx(295,17): error TS2345: Argument of type '(prev: Order[]) => unknown[]' is not assignable to parameter of type 'SetStateAction<Order[]>'.
  Type '(prev: Order[]) => unknown[]' is not assignable to type '(prevState: Order[]) => Order[]'.
    Type 'unknown[]' is not assignable to type 'Order[]'.
      Type 'unknown' is not assignable to type 'Order'.
src/context/AppContext.tsx(308,45): error TS18046: 'result' is of type 'unknown'.
src/context/AppContext.tsx(312,24): error TS18046: 'profile' is of type 'unknown'.
src/context/AppContext.tsx(388,19): error TS2345: Argument of type '(prev: Product[]) => unknown[]' is not assignable to parameter of type 'SetStateAction<Product[]>'.
  Type '(prev: Product[]) => unknown[]' is not assignable to type '(prevState: Product[]) => Product[]'.
    Type 'unknown[]' is not assignable to type 'Product[]'.
      Type 'unknown' is not assignable to type 'Product'.
src/context/AppContext.tsx(408,16): error TS2345: Argument of type '(prev: Shop[]) => unknown[]' is not assignable to parameter of type 'SetStateAction<Shop[]>'.
  Type '(prev: Shop[]) => unknown[]' is not assignable to type '(prevState: Shop[]) => Shop[]'.
    Type 'unknown[]' is not assignable to type 'Shop[]'.
      Type 'unknown' is not assignable to type 'Shop'.
src/context/AppContext.tsx(423,24): error TS18046: 'result' is of type 'unknown'.
src/context/AppContext.tsx(424,36): error TS18046: 'result' is of type 'unknown'.
src/context/AppContext.tsx(437,24): error TS2345: Argument of type 'unknown' is not assignable to parameter of type 'SetStateAction<DriverProfile | null>'.
src/context/AppContext.tsx(461,28): error TS2345: Argument of type '(prev: MarketplaceOrder[]) => unknown[]' is not assignable to parameter of type 'SetStateAction<MarketplaceOrder[]>'.
  Type '(prev: MarketplaceOrder[]) => unknown[]' is not assignable to type '(prevState: MarketplaceOrder[]) => MarketplaceOrder[]'.
    Type 'unknown[]' is not assignable to type 'MarketplaceOrder[]'.
      Type 'unknown' is not assignable to type 'MarketplaceOrder'.
src/lib/api.ts(89,20): error TS2339: Property 'name' does not exist on type 'Blob'.
src/lib/api.ts(92,28): error TS2339: Property 'lastModified' does not exist on type 'Blob'.
src/lib/telegram.ts(155,70): error TS2339: Property 'lock' does not exist on type 'ScreenOrientation'.
src/lib/telegram.ts(156,33): error TS2339: Property 'lock' does not exist on type 'ScreenOrientation'.
